C:\Program Files (x86)\Microsoft Visual Studio\2022\BuildTools\VC\Tools\MSVC\14.44.35207\bin\Hostx64\x64\cl.exe
--START-INSTALL-- 
Processing C:\Developer\detectron2
  Preparing metadata (pyproject.toml): started
  Preparing metadata (pyproject.toml): finished with status 'done'
Requirement already satisfied: Pillow>=7.1 in .\venv\Lib\site-packages (from detectron2==0.6) (12.1.1)
Requirement already satisfied: matplotlib in .\venv\Lib\site-packages (from detectron2==0.6) (3.10.9)
Requirement already satisfied: pycocotools>=2.0.2 in .\venv\Lib\site-packages (from detectron2==0.6) (2.0.11)
Collecting termcolor>=1.1 (from detectron2==0.6)
  Using cached termcolor-3.3.0-py3-none-any.whl.metadata (6.5 kB)
Collecting yacs>=0.1.8 (from detectron2==0.6)
  Using cached yacs-0.1.8-py3-none-any.whl.metadata (639 bytes)
Collecting tabulate (from detectron2==0.6)
  Using cached tabulate-0.10.0-py3-none-any.whl.metadata (40 kB)
Collecting cloudpickle (from detectron2==0.6)
  Using cached cloudpickle-3.1.2-py3-none-any.whl.metadata (7.1 kB)
Requirement already satisfied: tqdm>4.29.0 in .\venv\Lib\site-packages (from detectron2==0.6) (4.67.3)
Collecting tensorboard (from detectron2==0.6)
  Using cached tensorboard-2.20.0-py3-none-any.whl.metadata (1.8 kB)
Collecting fvcore<0.1.6,>=0.1.5 (from detectron2==0.6)
  Using cached fvcore-0.1.5.post20221221-py3-none-any.whl
Collecting iopath<0.1.10,>=0.1.7 (from detectron2==0.6)
  Using cached iopath-0.1.9-py3-none-any.whl.metadata (370 bytes)
Collecting omegaconf<2.4,>=2.1 (from detectron2==0.6)
  Using cached omegaconf-2.3.0-py3-none-any.whl.metadata (3.9 kB)
Collecting hydra-core>=1.1 (from detectron2==0.6)
  Using cached hydra_core-1.3.2-py3-none-any.whl.metadata (5.5 kB)
Collecting black (from detectron2==0.6)
  Using cached black-26.3.1-cp311-cp311-win_amd64.whl.metadata (91 kB)
Requirement already satisfied: packaging in .\venv\Lib\site-packages (from detectron2==0.6) (26.2)
Requirement already satisfied: numpy in .\venv\Lib\site-packages (from fvcore<0.1.6,>=0.1.5->detectron2==0.6) (2.4.3)
Collecting pyyaml>=5.1 (from fvcore<0.1.6,>=0.1.5->detectron2==0.6)
  Using cached pyyaml-6.0.3-cp311-cp311-win_amd64.whl.metadata (2.4 kB)
Collecting portalocker (from iopath<0.1.10,>=0.1.7->detectron2==0.6)
  Using cached portalocker-3.2.0-py3-none-any.whl.metadata (8.7 kB)
Collecting antlr4-python3-runtime==4.9.* (from omegaconf<2.4,>=2.1->detectron2==0.6)
  Using cached antlr4_python3_runtime-4.9.3-py3-none-any.whl
Requirement already satisfied: colorama in .\venv\Lib\site-packages (from tqdm>4.29.0->detectron2==0.6) (0.4.6)
Collecting click>=8.0.0 (from black->detectron2==0.6)
  Using cached click-8.3.3-py3-none-any.whl.metadata (2.6 kB)
Collecting mypy-extensions>=0.4.3 (from black->detectron2==0.6)
  Using cached mypy_extensions-1.1.0-py3-none-any.whl.metadata (1.1 kB)
Collecting pathspec>=1.0.0 (from black->detectron2==0.6)
  Using cached pathspec-1.1.1-py3-none-any.whl.metadata (14 kB)
Requirement already satisfied: platformdirs>=2 in .\venv\Lib\site-packages (from black->detectron2==0.6) (4.9.6)
Collecting pytokens~=0.4.0 (from black->detectron2==0.6)
  Using cached pytokens-0.4.1-cp311-cp311-win_amd64.whl.metadata (3.9 kB)
Requirement already satisfied: contourpy>=1.0.1 in .\venv\Lib\site-packages (from matplotlib->detectron2==0.6) (1.3.3)
Requirement already satisfied: cycler>=0.10 in .\venv\Lib\site-packages (from matplotlib->detectron2==0.6) (0.12.1)
Requirement already satisfied: fonttools>=4.22.0 in .\venv\Lib\site-packages (from matplotlib->detectron2==0.6) (4.62.1)
Requirement already satisfied: kiwisolver>=1.3.1 in .\venv\Lib\site-packages (from matplotlib->detectron2==0.6) (1.5.0)
Requirement already satisfied: pyparsing>=3 in .\venv\Lib\site-packages (from matplotlib->detectron2==0.6) (3.3.2)
Requirement already satisfied: python-dateutil>=2.7 in .\venv\Lib\site-packages (from matplotlib->detectron2==0.6) (2.9.0.post0)
Requirement already satisfied: six>=1.5 in .\venv\Lib\site-packages (from python-dateutil>=2.7->matplotlib->detectron2==0.6) (1.17.0)
Collecting pywin32>=226 (from portalocker->iopath<0.1.10,>=0.1.7->detectron2==0.6)
  Using cached pywin32-311-cp311-cp311-win_amd64.whl.metadata (10 kB)
Collecting absl-py>=0.4 (from tensorboard->detectron2==0.6)
  Using cached absl_py-2.4.0-py3-none-any.whl.metadata (3.3 kB)
Collecting grpcio>=1.48.2 (from tensorboard->detectron2==0.6)
  Using cached grpcio-1.80.0-cp311-cp311-win_amd64.whl.metadata (3.9 kB)
Collecting markdown>=2.6.8 (from tensorboard->detectron2==0.6)
  Using cached markdown-3.10.2-py3-none-any.whl.metadata (5.1 kB)
Collecting protobuf!=4.24.0,>=3.19.6 (from tensorboard->detectron2==0.6)
  Using cached protobuf-7.34.1-cp310-abi3-win_amd64.whl.metadata (595 bytes)
Requirement already satisfied: setuptools>=41.0.0 in .\venv\Lib\site-packages (from tensorboard->detectron2==0.6) (70.2.0)
Collecting tensorboard-data-server<0.8.0,>=0.7.0 (from tensorboard->detectron2==0.6)
  Using cached tensorboard_data_server-0.7.2-py3-none-any.whl.metadata (1.1 kB)
Collecting werkzeug>=1.0.1 (from tensorboard->detectron2==0.6)
  Using cached werkzeug-3.1.8-py3-none-any.whl.metadata (4.0 kB)
Requirement already satisfied: typing-extensions~=4.12 in .\venv\Lib\site-packages (from grpcio>=1.48.2->tensorboard->detectron2==0.6) (4.15.0)
Requirement already satisfied: markupsafe>=2.1.1 in .\venv\Lib\site-packages (from werkzeug>=1.0.1->tensorboard->detectron2==0.6) (3.0.3)
Using cached iopath-0.1.9-py3-none-any.whl (27 kB)
Using cached omegaconf-2.3.0-py3-none-any.whl (79 kB)
Using cached hydra_core-1.3.2-py3-none-any.whl (154 kB)
Using cached pyyaml-6.0.3-cp311-cp311-win_amd64.whl (158 kB)
Using cached termcolor-3.3.0-py3-none-any.whl (7.7 kB)
Using cached yacs-0.1.8-py3-none-any.whl (14 kB)
Using cached black-26.3.1-cp311-cp311-win_amd64.whl (1.4 MB)
Using cached pytokens-0.4.1-cp311-cp311-win_amd64.whl (103 kB)
Using cached click-8.3.3-py3-none-any.whl (110 kB)
Using cached mypy_extensions-1.1.0-py3-none-any.whl (5.0 kB)
Using cached pathspec-1.1.1-py3-none-any.whl (57 kB)
Using cached cloudpickle-3.1.2-py3-none-any.whl (22 kB)
Using cached portalocker-3.2.0-py3-none-any.whl (22 kB)
Using cached pywin32-311-cp311-cp311-win_amd64.whl (9.5 MB)
Using cached tabulate-0.10.0-py3-none-any.whl (39 kB)
Using cached tensorboard-2.20.0-py3-none-any.whl (5.5 MB)
Using cached tensorboard_data_server-0.7.2-py3-none-any.whl (2.4 kB)
Using cached absl_py-2.4.0-py3-none-any.whl (135 kB)
Using cached grpcio-1.80.0-cp311-cp311-win_amd64.whl (4.9 MB)
Using cached markdown-3.10.2-py3-none-any.whl (108 kB)
Using cached protobuf-7.34.1-cp310-abi3-win_amd64.whl (437 kB)
Using cached werkzeug-3.1.8-py3-none-any.whl (226 kB)
Building wheels for collected packages: detectron2
  Building wheel for detectron2 (pyproject.toml): started
  Building wheel for detectron2 (pyproject.toml): finished with status 'done'
  Created wheel for detectron2: filename=detectron2-0.6-cp311-cp311-win_amd64.whl size=898107 sha256=31d9887fff9beada369ca901957f72b8f2d61b4dd789526983da945c4cfb2792
  Stored in directory: C:\Users\Edwar\AppData\Local\Temp\pip-ephem-wheel-cache-o1r32ojd\wheels\a5\a0\0b\f692cd001010aad7c63790fd8e0eb8b07c503e09047f232dd9
Successfully built detectron2
Installing collected packages: pywin32, antlr4-python3-runtime, werkzeug, termcolor, tensorboard-data-server, tabulate, pyyaml, pytokens, protobuf, portalocker, pathspec, mypy-extensions, markdown, grpcio, cloudpickle, click, absl-py, yacs, tensorboard, omegaconf, iopath, black, hydra-core, fvcore, detectron2

Successfully installed absl-py-2.4.0 antlr4-python3-runtime-4.9.3 black-26.3.1 click-8.3.3 cloudpickle-3.1.2 detectron2-0.6 fvcore-0.1.5.post20221221 grpcio-1.80.0 hydra-core-1.3.2 iopath-0.1.9 markdown-3.10.2 mypy-extensions-1.1.0 omegaconf-2.3.0 pathspec-1.1.1 portalocker-3.2.0 protobuf-7.34.1 pytokens-0.4.1 pywin32-311 pyyaml-6.0.3 tabulate-0.10.0 tensorboard-2.20.0 tensorboard-data-server-0.7.2 termcolor-3.3.0 werkzeug-3.1.8 yacs-0.1.8
